// Jest Snapshot v1, https://goo.gl/fbAQLP

exports[`<GuestGreeting /> should render correctly guest greeting 1`] = `
<h1>
  Hi stranger âœŒ Please login ğŸš€
</h1>
`;
