// Jest Snapshot v1, https://goo.gl/fbAQLP

exports[`<Mailbox /> should not render unread messages 1`] = `
<div
  className="mailbox"
>
  <span
    className="mailbox__text"
  >
    Messages
  </span>
</div>
`;

exports[`<Mailbox /> should render unread messages 1`] = `
<div
  className="mailbox"
>
  <span
    className="mailbox__text"
  >
    Messages
  </span>
</div>
`;
